// Jest Snapshot v1, https://goo.gl/fbAQLP

exports[`ModalForm renders a form with correct fields 1`] = `
<div
  className="modal-overlay"
>
  <div
    className="modal"
    onClick={[Function]}
  >
    <div
      className="modal-header"
    >
      <h2>
        Заповніть форму
      </h2>
    </div>
    <form
      action="#"
      className="modal-form-content"
      onReset={[Function]}
      onSubmit={[Function]}
    >
      <div
        className="modal-form-box-field"
      >
        <div
          className="modal-form-item"
        >
          <label
            htmlFor="firstName"
          >
            Ім'я: 
          </label>
          <input
            id="firstName"
            name="firstName"
            onBlur={[Function]}
            onChange={[Function]}
            type="text"
            value=""
          />
        </div>
        <div
          className="modal-form-item"
        >
          <label
            htmlFor="lastName"
          >
            Прізвище: 
          </label>
          <input
            id="lastName"
            name="lastName"
            onBlur={[Function]}
            onChange={[Function]}
            type="text"
            value=""
          />
        </div>
        <div
          className="modal-form-item"
        >
          <label
            htmlFor="age"
          >
            Вік: 
          </label>
          <input
            id="age"
            name="age"
            onBlur={[Function]}
            onChange={[Function]}
            type="number"
            value=""
          />
        </div>
        <div
          className="modal-form-item"
        >
          <label
            htmlFor="address"
          >
            Адреса: 
          </label>
          <input
            id="address"
            name="address"
            onBlur={[Function]}
            onChange={[Function]}
            type="text"
            value=""
          />
        </div>
        <div
          className="modal-form-item"
        >
          <label
            htmlFor="phone"
          >
            Номер телефону: 
          </label>
          <input
            id="phone"
            inputMode="numeric"
            name="phone"
            onBlur={[Function]}
            onChange={[Function]}
            onFocus={[Function]}
            onKeyDown={[Function]}
            onMouseUp={[Function]}
            placeholder="(###)###-##-##"
            type="tel"
            value=""
          />
        </div>
      </div>
      <button
        className="button"
        onClick={[Function]}
        style={
          Object {
            "backgroundColor": "goldenrod",
          }
        }
      >
        Checkout
      </button>
    </form>
  </div>
</div>
`;
